


ARM Macro Assembler    Page 1 


    1 00000000                 area             FinalProject70, code, readonly
    2 00000000                 export           __main
    3 00000000         __main  proc
    4 00000000 F44F 7CFA       ldr              r12,=500
    5 00000004 F04F 0BFA       ldr              r11,=250
    6 00000008 484A            LDR              r0,=0x40004C20
    7 0000000A F04F 0101       mov              r1, #2_00000001
    8 0000000E EA4F 0241       LSL              r2,r1,#1
    9 00000012 EA4F 1301       LSL              r3,r1,#4
   10 00000016 EA4F 1681       LSL              r6,r1,#6
   11 0000001A EA4F 18C1       LSL              r8,r1,#7
   12 0000001E EB01 0502       add              r5,r1,r2
   13 00000022 EB06 0908       add              r9,r6,r8
   14 00000026 EB05 0A09       add              r10,r5,r9
   15 0000002A F880 A024       STRB             r10, [r0,#0x24]
   16 0000002E F880 A026       STRB             r10, [r0,#0x26]
   17 00000032 F880 A028       STRB             r10, [r0,#0x28]
   18 00000036 F880 3026       STRB             r3, [r0,#0x26]
   19 0000003A F880 A025       STRB             r10, [r0,#0x25]
   20 0000003E F880 A027       STRB             r10, [r0,#0x27]
   21 00000042 F880 A029       STRB             r10, [r0,#0x29]
   22 00000046 F880 A027       STRB             r10, [r0,#0x27]
   23 0000004A F880 3027       STRB             r3, [r0,#0x27]
   24 0000004E         L1open
   25 0000004E F880 9023       STRB             r9,[r0,#0x23]
   26 00000052 F84D BD04       push             {r11}
   27 00000056 F000 F85E       bl               delay
   28 0000005A F85D BB04       pop              {r11}
   29 0000005E F84D BD04       push             {r11}
   30 00000062 F000 F858       bl               delay
   31 00000066 F85D BB04       pop              {r11}
   32 0000006A F84D BD04       push             {r11}
   33 0000006E F000 F852       bl               delay
   34 00000072 F85D BB04       pop              {r11}
   35 00000076 F84D BD04       push             {r11}
   36 0000007A F000 F84C       bl               delay
   37 0000007E F85D BB04       pop              {r11}
   38 00000082 F880 2023       STRB             r2,[r0,#0x23]
   39 00000086 F84D BD04       push             {r11}
   40 0000008A F000 F844       bl               delay
   41 0000008E F85D BB04       pop              {r11}
   42 00000092 F880 1023       STRB             r1,[r0,#0x23]
   43 00000096 F84D BD04       push             {r11}
   44 0000009A F000 F83C       bl               delay
   45 0000009E F85D BB04       pop              {r11}
   46 000000A2 F84D BD04       push             {r11}
   47 000000A6 F000 F836       bl               delay
   48 000000AA F85D BB04       pop              {r11}
   49 000000AE E001            b                L2open
   50 000000B0 E7CD    halt    b                L1open
   51 000000B2 E7FD            b                halt
   52 000000B4         L2open
   53 000000B4 F880 9022       STRB             r9,[r0,#0x22]
   54 000000B8 F84D BD04       push             {r11}
   55 000000BC F000 F82B       bl               delay
   56 000000C0 F85D BB04       pop              {r11}
   57 000000C4 F84D BD04       push             {r11}
   58 000000C8 F000 F825       bl               delay
   59 000000CC F85D BB04       pop              {r11}



ARM Macro Assembler    Page 2 


   60 000000D0 F84D BD04       push             {r11}
   61 000000D4 F000 F81F       bl               delay
   62 000000D8 F85D BB04       pop              {r11}
   63 000000DC F84D BD04       push             {r11}
   64 000000E0 F000 F819       bl               delay
   65 000000E4 F85D BB04       pop              {r11}
   66 000000E8 F880 2022       STRB             r2,[r0,#0x22]
   67 000000EC F84D BD04       push             {r11}
   68 000000F0 F000 F811       bl               delay
   69 000000F4 F85D BB04       pop              {r11}
   70 000000F8 F880 1022       STRB             r1,[r0,#0x22]
   71 000000FC F84D BD04       push             {r11}
   72 00000100 F000 F809       bl               delay
   73 00000104 F85D BB04       pop              {r11}
   74 00000108 F84D BD04       push             {r11}
   75 0000010C F000 F803       bl               delay
   76 00000110 F85D BB04       pop              {r11}
   77 00000114 E79B            b                L1open
   78 00000116         delay
   79 00000116 F1AB 0B01       sub              r11,#1
   80 0000011A F84D CD04       push             {r12}
   81 0000011E         loop
   82 0000011E F1AC 0C01       sub              r12,#1
   83 00000122 F1BC 0F00       cmp              r12,#0
   84 00000126 D1FA            bne              loop
   85 00000128 F85D CB04       pop              {r12}
   86 0000012C F1BB 0F00       cmp              r11, #0
   87 00000130 D1F1            bne              delay
   88 00000132 4770            bx               lr
   89 00000134         
   90 00000134                 endp
   91 00000134                 end
              40004C20 
Command Line: --debug --xref --diag_suppress=9931 --cpu=Cortex-M4.fp --apcs=int
erwork --depend=.\objects\2wayintersection.d -o.\objects\2wayintersection.o -I.
\RTE\_Target_1 -I"C:\Users\Gabriel Peterson\AppData\Local\Arm\Packs\ARM\CMSIS\5
.6.0\CMSIS\Core\Include" -I"C:\Users\Gabriel Peterson\AppData\Local\Arm\Packs\T
exasInstruments\MSP432P4xx_DFP\3.2.6\Device\Include" --predefine="__EVAL SETA 1
" --predefine="__UVISION_VERSION SETA 528" --predefine="_RTE_ SETA 1" --predefi
ne="__MSP432P401R__ SETA 1" --list=.\listings\2wayintersection.lst 2WayIntersec
tion.s



ARM Macro Assembler    Page 1 Alphabetic symbol ordering
Relocatable symbols

FinalProject70 00000000

Symbol: FinalProject70
   Definitions
      At line 1 in file 2WayIntersection.s
   Uses
      None
Comment: FinalProject70 unused
L1open 0000004E

Symbol: L1open
   Definitions
      At line 24 in file 2WayIntersection.s
   Uses
      At line 50 in file 2WayIntersection.s
      At line 77 in file 2WayIntersection.s

L2open 000000B4

Symbol: L2open
   Definitions
      At line 52 in file 2WayIntersection.s
   Uses
      At line 49 in file 2WayIntersection.s
Comment: L2open used once
__main 00000000

Symbol: __main
   Definitions
      At line 3 in file 2WayIntersection.s
   Uses
      At line 2 in file 2WayIntersection.s
Comment: __main used once
delay 00000116

Symbol: delay
   Definitions
      At line 78 in file 2WayIntersection.s
   Uses
      At line 27 in file 2WayIntersection.s
      At line 30 in file 2WayIntersection.s
      At line 33 in file 2WayIntersection.s
      At line 36 in file 2WayIntersection.s
      At line 40 in file 2WayIntersection.s
      At line 44 in file 2WayIntersection.s
      At line 47 in file 2WayIntersection.s
      At line 55 in file 2WayIntersection.s
      At line 58 in file 2WayIntersection.s
      At line 61 in file 2WayIntersection.s
      At line 64 in file 2WayIntersection.s
      At line 68 in file 2WayIntersection.s
      At line 72 in file 2WayIntersection.s
      At line 75 in file 2WayIntersection.s
      At line 87 in file 2WayIntersection.s

halt 000000B0

Symbol: halt
   Definitions



ARM Macro Assembler    Page 2 Alphabetic symbol ordering
Relocatable symbols

      At line 50 in file 2WayIntersection.s
   Uses
      At line 51 in file 2WayIntersection.s
Comment: halt used once
loop 0000011E

Symbol: loop
   Definitions
      At line 81 in file 2WayIntersection.s
   Uses
      At line 84 in file 2WayIntersection.s
Comment: loop used once
7 symbols
344 symbols in table
